#-----------------------------------------------------------
# Vivado v2023.2 (64-bit)
# SW Build 4029153 on Fri Oct 13 20:13:54 MDT 2023
# IP Build 4028589 on Sat Oct 14 00:45:43 MDT 2023
# SharedData Build 4025554 on Tue Oct 10 17:18:54 MDT 2023
# Start of session at: Sat Apr 11 15:44:10 2026
# Process ID: 3910341
# Current directory: /home/zshuhansan/git_project/learn_fpga/FemtoRV/TUTORIALS/FROM_BLINKER_TO_RISCV/Soc/vivado/project_zynq7020_clg400_2/soc_zynq7020_clg400_2.runs/synth_1
# Command line: vivado -log Soc.vds -product Vivado -mode batch -messageDb vivado.pb -notrace -source Soc.tcl
# Log file: /home/zshuhansan/git_project/learn_fpga/FemtoRV/TUTORIALS/FROM_BLINKER_TO_RISCV/Soc/vivado/project_zynq7020_clg400_2/soc_zynq7020_clg400_2.runs/synth_1/Soc.vds
# Journal file: /home/zshuhansan/git_project/learn_fpga/FemtoRV/TUTORIALS/FROM_BLINKER_TO_RISCV/Soc/vivado/project_zynq7020_clg400_2/soc_zynq7020_clg400_2.runs/synth_1/vivado.jou
# Running On: zshuhansan-ubuntu-pc, OS: Linux, CPU Frequency: 2055.013 MHz, CPU Physical cores: 12, Host memory: 33564 MB
#-----------------------------------------------------------
source Soc.tcl -notrace
